SetEvent(FsmEvents eventid) 1
PluginSingleLoaderImpl::ActionStartLoad dlc\dlc_CardsDLL\dlc\CardsDLLzf
SetEvent(FsmEvents eventid) 2
PluginSingleLoaderImpl::ActionCreating dlc\dlc_CardsDLL\dlc\CardsDLLzf
ActionCreate dlc\dlc_CardsDLL\dlc\CardsDLLzf:FEThread
SignalEventChangeOnChild
ActionCreate dlc\dlc_CardsDLL\dlc\CardsDLLzf:MsgListener
SignalEventChangeOnChild
PluginSingleLoaderImpl::ActionCreating dlc\dlc_CardsDLL\dlc\CardsDLLzf
SetEvent(FsmEvents eventid) 3
SetEvent(FsmEvents eventid) 4
PluginSingleLoaderImpl::ActionLoadCompete dlc\dlc_CardsDLL\dlc\CardsDLLzf
SignalEventChangeOnChild
SignalEventChangeOnChild
SetEvent(FsmEvents eventid) 1
PluginSingleLoaderImpl::ActionStartLoad dlc\dlc_FootballCompEng\dlc\FootballCompEng\FootballCompEngzf
SetEvent(FsmEvents eventid) 2
PluginSingleLoaderImpl::ActionCreating dlc\dlc_FootballCompEng\dlc\FootballCompEng\FootballCompEngzf
ActionCreate dlc\dlc_FootballCompEng\dlc\FootballCompEng\FootballCompEngzf:FCE_FEThread
SignalEventChangeOnChild
PluginSingleLoaderImpl::ActionCreating dlc\dlc_FootballCompEng\dlc\FootballCompEng\FootballCompEngzf
SetEvent(FsmEvents eventid) 3
SetEvent(FsmEvents eventid) 4
PluginSingleLoaderImpl::ActionLoadCompete dlc\dlc_FootballCompEng\dlc\FootballCompEng\FootballCompEngzf
SignalEventChangeOnChild
SetEvent(FsmEvents eventid) 5
PluginSingleLoaderImpl::ActionStartUnload dlc\dlc_FootballCompEng\dlc\FootballCompEng\FootballCompEngzf
SetEvent(FsmEvents eventid) 6
PluginSingleLoaderImpl::ActionDestroying dlc\dlc_FootballCompEng\dlc\FootballCompEng\FootballCompEngzf
ActionRuning dlc\dlc_FootballCompEng\dlc\FootballCompEng\FootballCompEngzf:FCE_FEThread
SignalEventChangeOnChild
PluginSingleLoaderImpl::ActionDestroying dlc\dlc_FootballCompEng\dlc\FootballCompEng\FootballCompEngzf
SetEvent(FsmEvents eventid) 7
PluginSingleLoaderImpl::ActionUnloadComplete dlc\dlc_FootballCompEng\dlc\FootballCompEng\FootballCompEngzf
SetEvent(FsmEvents eventid) 1
PluginSingleLoaderImpl::ActionStartLoad dlc\dlc_FootballCompEng\dlc\FootballCompEng\FootballCompEngzf
SetEvent(FsmEvents eventid) 2
PluginSingleLoaderImpl::ActionCreating dlc\dlc_FootballCompEng\dlc\FootballCompEng\FootballCompEngzf
ActionCreate dlc\dlc_FootballCompEng\dlc\FootballCompEng\FootballCompEngzf:FCE_FEThread
SignalEventChangeOnChild
PluginSingleLoaderImpl::ActionCreating dlc\dlc_FootballCompEng\dlc\FootballCompEng\FootballCompEngzf
SetEvent(FsmEvents eventid) 3
SetEvent(FsmEvents eventid) 4
PluginSingleLoaderImpl::ActionLoadCompete dlc\dlc_FootballCompEng\dlc\FootballCompEng\FootballCompEngzf
SignalEventChangeOnChild
SetEvent(FsmEvents eventid) 5
PluginSingleLoaderImpl::ActionStartUnload dlc\dlc_FootballCompEng\dlc\FootballCompEng\FootballCompEngzf
SetEvent(FsmEvents eventid) 6
PluginSingleLoaderImpl::ActionDestroying dlc\dlc_FootballCompEng\dlc\FootballCompEng\FootballCompEngzf
ActionRuning dlc\dlc_FootballCompEng\dlc\FootballCompEng\FootballCompEngzf:FCE_FEThread
SignalEventChangeOnChild
PluginSingleLoaderImpl::ActionDestroying dlc\dlc_FootballCompEng\dlc\FootballCompEng\FootballCompEngzf
SetEvent(FsmEvents eventid) 7
PluginSingleLoaderImpl::ActionUnloadComplete dlc\dlc_FootballCompEng\dlc\FootballCompEng\FootballCompEngzf
SetEvent(FsmEvents eventid) 5
PluginSingleLoaderImpl::ActionStartUnload dlc\dlc_CardsDLL\dlc\CardsDLLzf
SetEvent(FsmEvents eventid) 6
PluginSingleLoaderImpl::ActionDestroying dlc\dlc_CardsDLL\dlc\CardsDLLzf
ActionRuning dlc\dlc_CardsDLL\dlc\CardsDLLzf:FEThread
SignalEventChangeOnChild
ActionRuning dlc\dlc_CardsDLL\dlc\CardsDLLzf:MsgListener
SignalEventChangeOnChild
PluginSingleLoaderImpl::ActionDestroying dlc\dlc_CardsDLL\dlc\CardsDLLzf
SetEvent(FsmEvents eventid) 7
PluginSingleLoaderImpl::ActionUnloadComplete dlc\dlc_CardsDLL\dlc\CardsDLLzf
